{"level":"info","message":"Hola mundo","service":"user-service"}
{"level":"info","message":"Hola mundo"}
{"level":"info","message":"Hola mundo","service":"app.js"}
{"level":"info","message":"Hola mundo","service":"app.js"}
{"level":"info","message":"Hola mundo","service":"app.js"}
{"level":"info","message":"Hola mundo","service":"app.js"}
{"level":"error","message":"error","msg":"Esto es un error","service":"app.js"}
{"level":"info","message":"Hola mundo","service":"app.js"}
{"level":"error","message":"error","msg":"Esto es un error","service":"app.js"}
{"level":"info","message":"Hola mundo","service":"app.js"}
{"at":"2026-08-15T19:18:19.479Z","level":"error","message":"error","msg":"Esto es un error","service":"app.js"}
{"level":"info","message":"Hola mundo","service":"app.js"}
{"at":"2026-08-15T19:18:21.586Z","level":"error","message":"error","msg":"Esto es un error","service":"app.js"}
{"level":"info","message":"Hola mundo","service":"app.js"}
{"level":"error","message":"error","msg":"Esto es un error","service":"app.js"}
{"level":"info","message":"Hola mundo","service":"app.js"}
{"level":"error","message":"error","msg":"Esto es un error","service":"app.js"}
{"level":"info","message":"Hola mundo","service":"app.js"}
{"at":"2026-08-15T19:18:26.571Z","level":"error","message":"error","msg":"Esto es un error","service":"app.js"}
{"level":"info","message":"Hola mundo","service":"app.js"}
{"at":"2026-08-15T19:18:27.447Z","level":"error","message":"error","msg":"Esto es un error","service":"app.js"}
{"level":"info","message":"Hola mundo","service":"app.js"}
{"at":"2026-08-15T19:19:01.089Z","level":"error","message":"error","msg":"Esto es un error","service":"app.js"}
{"level":"info","message":"Hola mundo","service":"app.js"}
{"at":"2026-08-15T19:19:06.698Z","level":"error","message":"error","msg":"Esto es un error","service":"app.js"}
{"level":"info","message":"Hola mundo","service":"app.js"}
{"at":"2026-08-15T19:19:09.295Z","level":"error","message":"error","msg":"Esto es un error","service":"app.js"}
{"level":"info","message":"Hola mundo","service":"app.js"}
{"at":"2026-08-15T19:19:11.818Z","level":"error","message":"error","msg":"Esto es un error","service":"app.js"}
undefined
undefined
undefined
undefined
undefined
undefined
{"level":"info","message":"Hola mundo","service":"app.js","timestamp":"2026-08-15T19:19:40.991Z"}
{"at":"2026-08-15T19:19:40.994Z","level":"error","message":"error","msg":"Esto es un error","service":"app.js","timestamp":"2026-08-15T19:19:40.995Z"}
